[0.018s][info][gc] Using The Z Garbage Collector
[0.178s][info][gc] GC(0) Garbage Collection (Warmup) 4M(33%)->4M(33%)
[0.272s][info][gc] GC(1) Garbage Collection (Warmup) 4M(33%)->2M(17%)
[1.178s][info][gc] GC(2) Garbage Collection (Warmup) 4M(33%)->4M(33%)
[6.972s][info][gc] GC(3) Garbage Collection (Proactive) 6M(50%)->4M(33%)
[9.769s][info][gc] GC(4) Garbage Collection (Allocation Rate) 8M(67%)->6M(50%)
[12.880s][info][gc] Allocation Stall (main) 21.889ms
[12.882s][info][gc] GC(5) Garbage Collection (Allocation Rate) 12M(100%)->10M(83%)
[12.935s][info][gc] Allocation Stall (main) 22.231ms
[12.936s][info][gc] Relocation Stall (main) 0.071ms
[12.937s][info][gc] GC(6) Garbage Collection (Allocation Stall) 12M(100%)->10M(83%)
[12.965s][info][gc] Allocation Stall (main) 21.203ms
[12.967s][info][gc] GC(7) Garbage Collection (Allocation Stall) 12M(100%)->10M(83%)
[12.991s][info][gc] Allocation Stall (main) 20.872ms
[12.994s][info][gc] Relocation Stall (main) 1.930ms
[12.994s][info][gc] GC(8) Garbage Collection (Allocation Stall) 12M(100%)->10M(83%)
[13.023s][info][gc] GC(9) Garbage Collection (Allocation Stall) 12M(100%)->12M(100%)
[13.023s][info][gc] Allocation Stall (main) 23.295ms
[13.046s][info][gc] GC(10) Garbage Collection (Allocation Stall) 12M(100%)->12M(100%)
[13.046s][info][gc] Allocation Stall (main) 18.564ms
[13.073s][info][gc] GC(11) Garbage Collection (Allocation Rate) 12M(100%)->12M(100%)
[13.073s][info][gc] Allocation Stall (main) 23.328ms
[13.101s][info][gc] GC(12) Garbage Collection (Allocation Stall) 12M(100%)->12M(100%)
[13.101s][info][gc] Allocation Stall (main) 23.118ms
[13.122s][info][gc] Allocation Stall (main) 17.597ms
[13.122s][info][gc] GC(13) Garbage Collection (Allocation Stall) 12M(100%)->12M(100%)
[13.149s][info][gc] Allocation Stall (main) 22.861ms
[13.149s][info][gc] GC(14) Garbage Collection (Allocation Stall) 12M(100%)->12M(100%)
[13.170s][info][gc] GC(15) Garbage Collection (Allocation Stall) 12M(100%)->12M(100%)
[13.170s][info][gc] Allocation Stall (main) 19.062ms
[13.193s][info][gc] GC(16) Garbage Collection (Allocation Stall) 12M(100%)->12M(100%)
[13.193s][info][gc] Allocation Stall (main) 21.041ms
[13.193s][info][gc] Out Of Memory (main)
[13.212s][info][gc] Allocation Stall (main) 18.658ms
[13.213s][info][gc] GC(17) Garbage Collection (Allocation Stall) 12M(100%)->6M(50%)
