[0.044s][info][gc] Using Parallel
[4.409s][info][gc] GC(0) Pause Young (Allocation Failure) 3M->1M(11M) 8.941ms
[4.520s][info][gc] GC(1) Pause Young (Allocation Failure) 4M->2M(11M) 3.474ms
[4.651s][info][gc] GC(2) Pause Young (Allocation Failure) 5M->2M(11M) 4.014ms
[4.699s][info][gc] GC(3) Pause Young (Allocation Failure) 5M->4M(11M) 5.369ms
[5.193s][info][gc] GC(4) Pause Young (Allocation Failure) 7M->4M(11M) 3.965ms
[5.603s][info][gc] GC(5) Pause Young (Allocation Failure) 7M->5M(10M) 9.555ms
[6.062s][info][gc] GC(6) Pause Young (Allocation Failure) 7M->5M(11M) 5.059ms
[18.082s][info][gc] GC(7) Pause Young (Allocation Failure) 7M->5M(11M) 1.941ms
[25.979s][info][gc] GC(8) Pause Young (Allocation Failure) 7M->6M(11M) 2.255ms
[25.985s][info][gc] GC(9) Pause Young (Allocation Failure) 8M->7M(11M) 1.434ms
[26.014s][info][gc] GC(10) Pause Full (Ergonomics) 7M->5M(11M) 29.074ms
[26.045s][info][gc] GC(11) Pause Young (Allocation Failure) 7M->5M(11M) 0.413ms
[26.051s][info][gc] GC(12) Pause Young (Allocation Failure) 7M->5M(11M) 0.287ms
[26.054s][info][gc] GC(13) Pause Young (Allocation Failure) 7M->5M(11M) 0.296ms
[26.058s][info][gc] GC(14) Pause Young (Allocation Failure) 7M->5M(11M) 0.304ms
[26.061s][info][gc] GC(15) Pause Young (Allocation Failure) 7M->5M(11M) 0.248ms
[26.066s][info][gc] GC(16) Pause Young (Allocation Failure) 7M->5M(11M) 0.291ms
[26.071s][info][gc] GC(17) Pause Young (Allocation Failure) 7M->6M(11M) 0.360ms
[26.074s][info][gc] GC(18) Pause Young (Allocation Failure) 8M->6M(11M) 0.361ms
[26.078s][info][gc] GC(19) Pause Young (Allocation Failure) 8M->6M(11M) 0.277ms
[26.083s][info][gc] GC(20) Pause Young (Allocation Failure) 8M->6M(11M) 0.326ms
[26.087s][info][gc] GC(21) Pause Young (Allocation Failure) 8M->6M(11M) 0.462ms
[26.092s][info][gc] GC(22) Pause Young (Allocation Failure) 8M->6M(11M) 0.322ms
[26.097s][info][gc] GC(23) Pause Young (Allocation Failure) 8M->7M(11M) 0.320ms
[29.057s][info][gc] GC(24) Pause Young (Allocation Failure) 8M->6M(11M) 0.389ms
[38.025s][info][gc] GC(25) Pause Young (Allocation Failure) 8M->7M(11M) 0.628ms
[56.330s][info][gc] GC(26) Pause Young (Allocation Failure) 9M->7M(11M) 0.661ms
[56.355s][info][gc] GC(27) Pause Full (Ergonomics) 7M->5M(11M) 24.243ms
[69.364s][info][gc] GC(28) Pause Young (Allocation Failure) 7M->5M(11M) 0.765ms
[87.397s][info][gc] GC(29) Pause Young (Allocation Failure) 7M->5M(11M) 0.571ms
[106.980s][info][gc] GC(30) Pause Young (Allocation Failure) 7M->5M(11M) 0.339ms
[126.491s][info][gc] GC(31) Pause Young (Allocation Failure) 7M->5M(11M) 0.404ms
[145.520s][info][gc] GC(32) Pause Young (Allocation Failure) 7M->5M(11M) 0.305ms
[165.577s][info][gc] GC(33) Pause Young (Allocation Failure) 7M->5M(11M) 0.462ms
[184.653s][info][gc] GC(34) Pause Young (Allocation Failure) 7M->5M(11M) 0.320ms
[204.681s][info][gc] GC(35) Pause Young (Allocation Failure) 7M->5M(11M) 0.453ms
[223.715s][info][gc] GC(36) Pause Young (Allocation Failure) 7M->5M(11M) 0.337ms
[242.759s][info][gc] GC(37) Pause Young (Allocation Failure) 7M->5M(11M) 0.302ms
[262.778s][info][gc] GC(38) Pause Young (Allocation Failure) 7M->5M(11M) 0.410ms
[281.815s][info][gc] GC(39) Pause Young (Allocation Failure) 7M->5M(11M) 0.322ms
[301.967s][info][gc] GC(40) Pause Young (Allocation Failure) 7M->5M(11M) 0.345ms
[318.994s][info][gc] GC(41) Pause Young (Allocation Failure) 7M->5M(11M) 0.386ms
[328.923s][info][gc] GC(42) Pause Young (Allocation Failure) 7M->6M(11M) 0.484ms
[347.602s][info][gc] GC(43) Pause Young (Allocation Failure) 8M->5M(11M) 0.392ms
[366.123s][info][gc] GC(44) Pause Young (Allocation Failure) 7M->5M(11M) 0.439ms
[385.139s][info][gc] GC(45) Pause Young (Allocation Failure) 7M->5M(11M) 0.385ms
[404.159s][info][gc] GC(46) Pause Young (Allocation Failure) 7M->5M(11M) 0.361ms
[424.178s][info][gc] GC(47) Pause Young (Allocation Failure) 7M->5M(11M) 0.316ms
[443.196s][info][gc] GC(48) Pause Young (Allocation Failure) 7M->5M(11M) 0.341ms
[463.213s][info][gc] GC(49) Pause Young (Allocation Failure) 7M->5M(11M) 0.389ms
[482.233s][info][gc] GC(50) Pause Young (Allocation Failure) 7M->5M(11M) 0.376ms
[502.255s][info][gc] GC(51) Pause Young (Allocation Failure) 7M->5M(11M) 0.410ms
[522.205s][info][gc] GC(52) Pause Young (Allocation Failure) 7M->5M(11M) 0.356ms
[541.293s][info][gc] GC(53) Pause Young (Allocation Failure) 7M->5M(11M) 0.363ms
[561.315s][info][gc] GC(54) Pause Young (Allocation Failure) 7M->5M(11M) 0.714ms
[581.252s][info][gc] GC(55) Pause Young (Allocation Failure) 7M->5M(11M) 0.358ms
[610.368s][info][gc] GC(56) Pause Young (Allocation Failure) 8M->5M(11M) 0.356ms
[640.394s][info][gc] GC(57) Pause Young (Allocation Failure) 8M->5M(11M) 0.415ms
[670.428s][info][gc] GC(58) Pause Young (Allocation Failure) 8M->5M(11M) 0.402ms
[700.459s][info][gc] GC(59) Pause Young (Allocation Failure) 8M->5M(11M) 0.391ms
[730.494s][info][gc] GC(60) Pause Young (Allocation Failure) 8M->5M(11M) 0.419ms
