[0.016s][info][gc] Using Parallel
[0.070s][info][gc] GC(0) Pause Young (Allocation Failure) 0M->0M(3M) 2.182ms
[0.110s][info][gc] GC(1) Pause Young (Allocation Failure) 0M->0M(3M) 1.554ms
[0.179s][info][gc] GC(2) Pause Young (Allocation Failure) 1M->0M(3M) 1.933ms
[0.206s][info][gc] GC(3) Pause Young (Allocation Failure) 1M->1M(3M) 2.248ms
[1.119s][info][gc] GC(4) Pause Young (Allocation Failure) 1M->1M(3M) 2.100ms
[8.964s][info][gc] GC(5) Pause Young (Allocation Failure) 2M->2M(3M) 2.324ms
[8.973s][info][gc] GC(6) Pause Full (Ergonomics) 2M->2M(3M) 9.116ms
[8.990s][info][gc] GC(7) Pause Full (Ergonomics) 2M->2M(3M) 7.615ms
[8.998s][info][gc] GC(8) Pause Full (Allocation Failure) 2M->2M(3M) 7.534ms
