[0.018s][info][gc] Using Serial
[17.293s][info][gc] GC(0) Pause Young (Allocation Failure) 4M->1M(15M) 11.512ms
[17.437s][info][gc] GC(1) Pause Young (Allocation Failure) 6M->2M(15M) 9.465ms
[17.536s][info][gc] GC(2) Pause Young (Allocation Failure) 6M->2M(15M) 4.107ms
[18.073s][info][gc] GC(3) Pause Young (Allocation Failure) 7M->3M(15M) 3.316ms
[26.711s][info][gc] GC(4) Pause Young (Allocation Failure) 7M->3M(15M) 8.909ms
[32.495s][info][gc] GC(5) Pause Young (Allocation Failure) 8M->4M(15M) 3.214ms
[32.511s][info][gc] GC(6) Pause Young (Allocation Failure) 8M->4M(15M) 0.717ms
[32.526s][info][gc] GC(7) Pause Young (Allocation Failure) 8M->4M(15M) 0.713ms
[32.565s][info][gc] GC(8) Pause Young (Allocation Failure) 8M->4M(15M) 1.055ms
[32.577s][info][gc] GC(9) Pause Young (Allocation Failure) 8M->4M(15M) 1.074ms
[32.587s][info][gc] GC(10) Pause Young (Allocation Failure) 8M->4M(15M) 0.685ms
[32.601s][info][gc] GC(11) Pause Young (Allocation Failure) 8M->4M(15M) 0.785ms
[32.613s][info][gc] GC(12) Pause Young (Allocation Failure) 8M->4M(15M) 0.954ms
[32.623s][info][gc] GC(13) Pause Young (Allocation Failure) 8M->4M(15M) 1.080ms
[32.632s][info][gc] GC(14) Pause Young (Allocation Failure) 8M->4M(15M) 0.779ms
[32.640s][info][gc] GC(15) Pause Young (Allocation Failure) 8M->4M(15M) 0.969ms
[32.646s][info][gc] GC(16) Pause Young (Allocation Failure) 8M->4M(15M) 0.756ms
[32.652s][info][gc] GC(17) Pause Young (Allocation Failure) 8M->4M(15M) 1.131ms
[32.656s][info][gc] GC(18) Pause Young (Allocation Failure) 8M->4M(15M) 0.977ms
[32.663s][info][gc] GC(19) Pause Young (Allocation Failure) 8M->4M(15M) 0.989ms
[32.668s][info][gc] GC(20) Pause Young (Allocation Failure) 8M->4M(15M) 1.368ms
[62.741s][info][gc] GC(21) Pause Young (Allocation Failure) 8M->4M(15M) 1.700ms
[102.802s][info][gc] GC(22) Pause Young (Allocation Failure) 8M->4M(15M) 0.928ms
[131.767s][info][gc] GC(23) Pause Young (Allocation Failure) 8M->4M(15M) 1.233ms
[131.775s][info][gc] GC(24) Pause Young (Allocation Failure) 8M->4M(15M) 0.918ms
[131.781s][info][gc] GC(25) Pause Young (Allocation Failure) 8M->4M(15M) 0.874ms
[131.787s][info][gc] GC(26) Pause Young (Allocation Failure) 8M->4M(15M) 1.124ms
[131.794s][info][gc] GC(27) Pause Young (Allocation Failure) 8M->4M(15M) 1.052ms
[131.801s][info][gc] GC(28) Pause Young (Allocation Failure) 8M->4M(15M) 0.962ms
[131.806s][info][gc] GC(29) Pause Young (Allocation Failure) 8M->4M(15M) 0.716ms
[131.812s][info][gc] GC(30) Pause Young (Allocation Failure) 8M->4M(15M) 0.807ms
[131.818s][info][gc] GC(31) Pause Young (Allocation Failure) 8M->4M(15M) 0.674ms
[131.825s][info][gc] GC(32) Pause Young (Allocation Failure) 8M->4M(15M) 1.282ms
[131.830s][info][gc] GC(33) Pause Young (Allocation Failure) 8M->4M(15M) 1.448ms
[131.836s][info][gc] GC(34) Pause Young (Allocation Failure) 8M->4M(15M) 1.346ms
[131.842s][info][gc] GC(35) Pause Young (Allocation Failure) 8M->4M(15M) 1.160ms
[131.849s][info][gc] GC(36) Pause Young (Allocation Failure) 8M->4M(15M) 1.131ms
[131.856s][info][gc] GC(37) Pause Young (Allocation Failure) 8M->4M(15M) 1.116ms
[131.861s][info][gc] GC(38) Pause Young (Allocation Failure) 8M->4M(15M) 0.578ms
[147.860s][info][gc] GC(39) Pause Young (Allocation Failure) 8M->4M(15M) 0.675ms
[188.896s][info][gc] GC(40) Pause Young (Allocation Failure) 8M->4M(15M) 1.142ms
