[0.033s][info][gc] Using Serial
[11.478s][info][gc] GC(0) Pause Young (Allocation Failure) 4M->1M(15M) 12.125ms
[11.625s][info][gc] GC(1) Pause Young (Allocation Failure) 6M->2M(15M) 6.006ms
[11.719s][info][gc] GC(2) Pause Young (Allocation Failure) 6M->2M(15M) 5.059ms
[12.123s][info][gc] GC(3) Pause Young (Allocation Failure) 7M->3M(15M) 4.573ms
[21.800s][info][gc] GC(4) Pause Young (Allocation Failure) 7M->3M(15M) 5.278ms
[46.617s][info][gc] GC(5) Pause Young (Allocation Failure) 8M->4M(15M) 2.794ms
[46.637s][info][gc] GC(6) Pause Young (Allocation Failure) 8M->4M(15M) 1.094ms
[46.653s][info][gc] GC(7) Pause Young (Allocation Failure) 8M->4M(15M) 0.922ms
[46.672s][info][gc] GC(8) Pause Young (Allocation Failure) 8M->4M(15M) 0.858ms
[46.691s][info][gc] GC(9) Pause Young (Allocation Failure) 8M->4M(15M) 0.639ms
[46.704s][info][gc] GC(10) Pause Young (Allocation Failure) 8M->4M(15M) 1.042ms
[46.717s][info][gc] GC(11) Pause Young (Allocation Failure) 8M->4M(15M) 1.287ms
[46.723s][info][gc] GC(12) Pause Young (Allocation Failure) 8M->4M(15M) 1.054ms
[46.736s][info][gc] GC(13) Pause Young (Allocation Failure) 8M->4M(15M) 0.959ms
[46.748s][info][gc] GC(14) Pause Young (Allocation Failure) 8M->4M(15M) 1.181ms
[46.757s][info][gc] GC(15) Pause Young (Allocation Failure) 8M->4M(15M) 0.839ms
[46.764s][info][gc] GC(16) Pause Young (Allocation Failure) 8M->4M(15M) 0.990ms
[46.770s][info][gc] GC(17) Pause Young (Allocation Failure) 8M->4M(15M) 1.002ms
[46.777s][info][gc] GC(18) Pause Young (Allocation Failure) 8M->4M(15M) 1.075ms
[46.784s][info][gc] GC(19) Pause Young (Allocation Failure) 8M->4M(15M) 1.007ms
[46.790s][info][gc] GC(20) Pause Young (Allocation Failure) 8M->4M(15M) 0.695ms
[56.885s][info][gc] GC(21) Pause Young (Allocation Failure) 8M->4M(15M) 1.196ms
[96.932s][info][gc] GC(22) Pause Young (Allocation Failure) 8M->4M(15M) 1.279ms
[116.542s][info][gc] GC(23) Pause Young (Allocation Failure) 8M->4M(15M) 0.874ms
[116.548s][info][gc] GC(24) Pause Young (Allocation Failure) 8M->4M(15M) 0.673ms
[116.555s][info][gc] GC(25) Pause Young (Allocation Failure) 8M->4M(15M) 1.179ms
[116.560s][info][gc] GC(26) Pause Young (Allocation Failure) 8M->4M(15M) 1.204ms
[116.564s][info][gc] GC(27) Pause Young (Allocation Failure) 8M->4M(15M) 0.577ms
[116.570s][info][gc] GC(28) Pause Young (Allocation Failure) 8M->4M(15M) 1.099ms
[116.575s][info][gc] GC(29) Pause Young (Allocation Failure) 8M->4M(15M) 1.264ms
[116.579s][info][gc] GC(30) Pause Young (Allocation Failure) 8M->4M(15M) 0.929ms
[116.585s][info][gc] GC(31) Pause Young (Allocation Failure) 8M->4M(15M) 1.130ms
[116.589s][info][gc] GC(32) Pause Young (Allocation Failure) 8M->4M(15M) 1.148ms
[116.594s][info][gc] GC(33) Pause Young (Allocation Failure) 8M->4M(15M) 1.355ms
[116.600s][info][gc] GC(34) Pause Young (Allocation Failure) 8M->4M(15M) 0.718ms
[116.607s][info][gc] GC(35) Pause Young (Allocation Failure) 8M->4M(15M) 0.992ms
[116.614s][info][gc] GC(36) Pause Young (Allocation Failure) 8M->4M(15M) 0.857ms
[116.620s][info][gc] GC(37) Pause Young (Allocation Failure) 8M->4M(15M) 0.702ms
[116.627s][info][gc] GC(38) Pause Young (Allocation Failure) 8M->4M(15M) 0.661ms
[139.000s][info][gc] GC(39) Pause Young (Allocation Failure) 8M->4M(15M) 1.440ms
[180.033s][info][gc] GC(40) Pause Young (Allocation Failure) 8M->4M(15M) 0.975ms
